INFO  - 2022/04/14-07:44:13,068 UTC - WIN-3JMILRDJUJU - :n8lppw3izu-1649922250828               - TcServer tcserver00061@PoolA@9100@WIN-3JMILRDJUJU assigned to zhouyalun~AWC21286
INFO  - 2022/04/14-07:47:38,787 UTC - WIN-3JMILRDJUJU - :swm123gd4tr-1649922456648              - TcServer tcserver00062@PoolA@9100@WIN-3JMILRDJUJU assigned to lijie609~AWC29425
INFO  - 2022/04/14-07:49:07,292 UTC - WIN-3JMILRDJUJU - :9iuow90343o-1649922545127              - TcServer tcserver00063@PoolA@9100@WIN-3JMILRDJUJU assigned to zhouyalun~AWC17216